[page-flip.info/jquery_newspaper_flipbook/index.html]
[backblue.gif]
[fade.gif]
[index.html]
[page-flip.info/jquery_newspaper_flipbook/img/bg.jpg]
[page-flip.info/jquery_newspaper_flipbook/full-area.html]
[page-flip.info/jquery_newspaper_flipbook/full-area-html.html]
[page-flip.info/jquery_newspaper_flipbook/full-area-hotspot.html]
[page-flip.info/jquery_newspaper_flipbook/full-area-pdf.html]
[page-flip.info/jquery_newspaper_flipbook/full-area-singlepage.html]
[page-flip.info/jquery_newspaper_flipbook/full-area-autopage.html]
[page-flip.info/jquery_newspaper_flipbook/bookshelf.html]
[page-flip.info/jquery_newspaper_flipbook/responsive.html]
[page-flip.info/jquery_newspaper_flipbook/not-responsive.html]
[page-flip.info/jquery_newspaper_flipbook/lightbox.html]
[page-flip.info/jquery_newspaper_flipbook/lightbox-autostart.html]
[page-flip.info/jquery_newspaper_flipbook/index.html]
[page-flip.info/jquery_newspaper_flipbook/js/jquery.js]
[page-flip.info/jquery_newspaper_flipbook/js/turn.js]
[page-flip.info/jquery_newspaper_flipbook/js/wait.js]
[page-flip.info/jquery_newspaper_flipbook/js/jquery.mousewheel.js]
[page-flip.info/jquery_newspaper_flipbook/js/jquery.fullscreen.js]
[page-flip.info/jquery_newspaper_flipbook/js/jquery.address-1.6.min.js]
[page-flip.info/jquery_newspaper_flipbook/js/pdf.js]
[page-flip.info/jquery_newspaper_flipbook/js/onload.js]
[page-flip.info/jquery_newspaper_flipbook/img/logo.png]
[page-flip.info/jquery_newspaper_flipbook/img/file.zip]
[page-flip.info/jquery_newspaper_flipbook/pages/1_.jpg]
[page-flip.info/jquery_newspaper_flipbook/pages/2_.jpg]
[page-flip.info/jquery_newspaper_flipbook/pages/3_.jpg]
[page-flip.info/jquery_newspaper_flipbook/pages/4_.jpg]
[page-flip.info/jquery_newspaper_flipbook/pages/5_.jpg]
[page-flip.info/jquery_newspaper_flipbook/pages/6_7_.jpg]
[page-flip.info/jquery_newspaper_flipbook/pages/8_9_.jpg]
[page-flip.info/jquery_newspaper_flipbook/pages/10_.jpg]
[page-flip.info/jquery_newspaper_flipbook/pages/11_.jpg]
[page-flip.info/jquery_newspaper_flipbook/pages/12_.jpg]
[page-flip.info/jquery_newspaper_flipbook/full-area.html]
[page-flip.info/jquery_newspaper_flipbook/pages/4.jpg]
[page-flip.info/jquery_newspaper_flipbook/pages/5.jpg]
[page-flip.info/jquery_newspaper_flipbook/pages/10.jpg]
[page-flip.info/jquery_newspaper_flipbook/pages/11.jpg]
[page-flip.info/jquery_newspaper_flipbook/pages/12.jpg]
[page-flip.info/jquery_newspaper_flipbook/full-area-html.html]
[page-flip.info/jquery_newspaper_flipbook/pages/1.jpg]
[page-flip.info/jquery_newspaper_flipbook/pages/2.jpg]
[page-flip.info/jquery_newspaper_flipbook/pages/3.jpg]
[page-flip.info/jquery_newspaper_flipbook/full-area-hotspot.html]
[page-flip.info/jquery_newspaper_flipbook/img/example_pdf.pdf]
[page-flip.info/jquery_newspaper_flipbook/full-area-pdf.html]
[page-flip.info/jquery_newspaper_flipbook/full-area-singlepage.html]
[page-flip.info/jquery_newspaper_flipbook/full-area-autopage.html]
[page-flip.info/jquery_newspaper_flipbook/js/bookshelf.js]
[page-flip.info/jquery_newspaper_flipbook/img_bookshelf/001.jpg]
[page-flip.info/jquery_newspaper_flipbook/img_bookshelf/002.jpg]
[page-flip.info/jquery_newspaper_flipbook/img_bookshelf/003.jpg]
[page-flip.info/jquery_newspaper_flipbook/img_bookshelf/004.jpg]
[page-flip.info/jquery_newspaper_flipbook/img_bookshelf/005.jpg]
[page-flip.info/jquery_newspaper_flipbook/img_bookshelf/1.jpg]
[page-flip.info/jquery_newspaper_flipbook/img_bookshelf/2.jpg]
[page-flip.info/jquery_newspaper_flipbook/img_bookshelf/3.jpg]
[page-flip.info/jquery_newspaper_flipbook/img_bookshelf/4.jpg]
[page-flip.info/jquery_newspaper_flipbook/img_bookshelf/5.jpg]
[page-flip.info/jquery_newspaper_flipbook/img_bookshelf/6.jpg]
[page-flip.info/jquery_newspaper_flipbook/img_bookshelf/7.jpg]
[page-flip.info/jquery_newspaper_flipbook/img_bookshelf/8.jpg]
[page-flip.info/jquery_newspaper_flipbook/img_bookshelf/9.jpg]
[page-flip.info/jquery_newspaper_flipbook/img_bookshelf/10.jpg]
[page-flip.info/jquery_newspaper_flipbook/img_bookshelf/02.jpg]
[page-flip.info/jquery_newspaper_flipbook/img_bookshelf/01.jpg]
[page-flip.info/jquery_newspaper_flipbook/img_bookshelf/03.jpg]
[page-flip.info/jquery_newspaper_flipbook/img_bookshelf/05.jpg]
[page-flip.info/jquery_newspaper_flipbook/img_bookshelf/04.jpg]
[page-flip.info/jquery_newspaper_flipbook/bookshelf.html]
[page-flip.info/jquery_newspaper_flipbook/responsive.html]
[page-flip.info/jquery_newspaper_flipbook/not-responsive.html]
[page-flip.info/jquery_newspaper_flipbook/lightbox.html]
[page-flip.info/jquery_newspaper_flipbook/lightbox-autostart.html]
[page-flip.info/jquery_newspaper_flipbook/img/arrow-navpage.png]
[page-flip.info/jquery_newspaper_flipbook/img/loader.gif]
[page-flip.info/jquery_newspaper_flipbook/css/style.css]
[page-flip.info/jquery_newspaper_flipbook/fonts/fontawesome-webfont78ce.eot]
[page-flip.info/jquery_newspaper_flipbook/fonts/fontawesome-webfontd41d.eot]
[page-flip.info/jquery_newspaper_flipbook/fonts/fontawesome-webfont78ce.woff]
[page-flip.info/jquery_newspaper_flipbook/fonts/fontawesome-webfont78ce.ttf]
[page-flip.info/jquery_newspaper_flipbook/css/font-awesome.min.css]
[page-flip.info/jquery_newspaper_flipbook/js/jquery_no_conflict.js]
[page-flip.info/jquery_newspaper_flipbook/css/bookshelf.css]
[page-flip.info/jquery_newspaper_flipbook/load_book_lightbox('your_book_name').html]
[page-flip.info/jquery_newspaper_flipbook/load_book_lightbox('your_book_name',true).html]
[page-flip.info/jquery_newspaper_flipbook/css/reset.css]
[page-flip.info/jquery_newspaper_flipbook/img/icons.png]
[page-flip.info/jquery_newspaper_flipbook/css/static.css]
[page-flip.info/jquery_newspaper_flipbook/css/elements.css]
[page-flip.info/jquery_newspaper_flipbook/css/preloader.css]
[page-flip.info/jquery_newspaper_flipbook/img/arrow-right.html]
[page-flip.info/jquery_newspaper_flipbook/fonts/fontawesome-webfont78ce.svg]
